2025-04-25 09:30:00 | DEBUG | repo=pv243-2015-security-seminar | action=edit | files=2
2025-12-26 11:22:00 | WARN | repo=pv243-2015-security-seminar | action=commit
2025-11-15 20:53:00 | DEBUG | repo=pv243-2015-security-seminar | action=commit
2025-08-05 09:12:00 | WARN | repo=pv243-2015-security-seminar | action=commit
2025-01-08 17:31:00 | DEBUG | repo=pv243-2015-security-seminar | action=commit
2025-09-25 21:02:00 | WARN | repo=pv243-2015-security-seminar | action=commit
2025-01-12 07:37:00 | WARN | repo=pv243-2015-security-seminar | action=pull
2025-09-05 15:26:00 | DEBUG | repo=pv243-2015-security-seminar | action=commit
2025-11-15 16:03:00 | DEBUG | repo=pv243-2015-security-seminar | action=edit | files=1
2025-06-27 11:08:00 | WARN | repo=pv243-2015-security-seminar | action=commit
2025-12-03 18:27:00 | INFO | repo=pv243-2015-security-seminar | action=commit
2025-12-17 09:42:00 | DEBUG | repo=pv243-2015-security-seminar | action=edit | files=3
2025-11-21 09:42:00 | WARN | repo=pv243-2015-security-seminar | action=commit
2025-01-15 07:42:00 | DEBUG | repo=pv243-2015-security-seminar | action=commit
2025-11-27 08:22:00 | DEBUG | repo=pv243-2015-security-seminar | action=commit
2025-04-13 18:53:00 | WARN | repo=pv243-2015-security-seminar | action=commit
2025-04-27 18:15:00 | WARN | repo=pv243-2015-security-seminar | action=commit
2025-05-01 09:35:00 | INFO | repo=pv243-2015-security-seminar | action=commit
2025-08-22 07:24:00 | WARN | repo=pv243-2015-security-seminar | action=commit
2025-07-01 13:29:00 | WARN | repo=pv243-2015-security-seminar | action=commit
